../Drivers/STM32WBxx_HAL_Driver/Inc/stm32wbxx_ll_system.h:2223:26:LL_FLASH_GetUDN	4	static
../Drivers/STM32WBxx_HAL_Driver/Inc/stm32wbxx_ll_system.h:2235:26:LL_FLASH_GetDeviceID	4	static
../Drivers/STM32WBxx_HAL_Driver/Inc/stm32wbxx_ll_system.h:2247:26:LL_FLASH_GetSTCompanyID	4	static
../STM32_WPAN/App/app_ble.c:384:6:APP_BLE_Init	80	static
../STM32_WPAN/App/app_ble.c:545:28:SVCCTL_App_Notification	80	static
../STM32_WPAN/App/app_ble.c:789:22:APP_BLE_Get_Server_Connection_Status	4	static
../STM32_WPAN/App/app_ble.c:803:13:Ble_Tl_Init	16	static
../STM32_WPAN/App/app_ble.c:814:13:Ble_Hci_Gap_Gatt_Init	72	static
../STM32_WPAN/App/app_ble.c:1087:13:Adv_Request	56	static
../STM32_WPAN/App/app_ble.c:1177:16:BleGetBdAddress	32	static
../STM32_WPAN/App/app_ble.c:1234:13:Adv_Cancel	16	static
../STM32_WPAN/App/app_ble.c:1265:13:Adv_Cancel_Req	8	static
../STM32_WPAN/App/app_ble.c:1280:13:Switch_OFF_GPIO	4	static
../STM32_WPAN/App/app_ble.c:1345:6:hci_notify_asynch_evt	16	static
../STM32_WPAN/App/app_ble.c:1352:6:hci_cmd_resp_release	16	static
../STM32_WPAN/App/app_ble.c:1359:6:hci_cmd_resp_wait	16	static
../STM32_WPAN/App/app_ble.c:1366:13:BLE_UserEvtRx	24	static
../STM32_WPAN/App/app_ble.c:1386:13:BLE_StatusNot	24	static
../STM32_WPAN/App/app_ble.c:1425:6:SVCCTL_ResumeUserEventFlow	8	static
